2026-02-01T21:58:10.1500201Z Current runner version: '2.331.0'
2026-02-01T21:58:10.1535403Z ##[group]Runner Image Provisioner
2026-02-01T21:58:10.1536762Z Hosted Compute Agent
2026-02-01T21:58:10.1538071Z Version: 20260123.484
2026-02-01T21:58:10.1539094Z Commit: 6bd6555ca37d84114959e1c76d2c01448ff61c5d
2026-02-01T21:58:10.1540287Z Build Date: 2026-01-23T19:41:17Z
2026-02-01T21:58:10.1541405Z Worker ID: {d22db60e-a1ed-4b21-9da0-134695998f9b}
2026-02-01T21:58:10.1542695Z Azure Region: westus3
2026-02-01T21:58:10.1543548Z ##[endgroup]
2026-02-01T21:58:10.1546022Z ##[group]Operating System
2026-02-01T21:58:10.1546969Z Ubuntu
2026-02-01T21:58:10.1547942Z 24.04.3
2026-02-01T21:58:10.1548782Z LTS
2026-02-01T21:58:10.1549572Z ##[endgroup]
2026-02-01T21:58:10.1550449Z ##[group]Runner Image
2026-02-01T21:58:10.1551358Z Image: ubuntu-24.04
2026-02-01T21:58:10.1552447Z Version: 20260126.10.1
2026-02-01T21:58:10.1554469Z Included Software: https://github.com/actions/runner-images/blob/ubuntu24/20260126.10/images/ubuntu/Ubuntu2404-Readme.md
2026-02-01T21:58:10.1557268Z Image Release: https://github.com/actions/runner-images/releases/tag/ubuntu24%2F20260126.10
2026-02-01T21:58:10.1559134Z ##[endgroup]
2026-02-01T21:58:10.1561126Z ##[group]GITHUB_TOKEN Permissions
2026-02-01T21:58:10.1563638Z Contents: read
2026-02-01T21:58:10.1564439Z Metadata: read
2026-02-01T21:58:10.1565429Z Packages: read
2026-02-01T21:58:10.1566187Z ##[endgroup]
2026-02-01T21:58:10.1569540Z Secret source: Actions
2026-02-01T21:58:10.1570805Z Prepare workflow directory
2026-02-01T21:58:10.2013882Z Prepare all required actions
2026-02-01T21:58:10.2051432Z Getting action download info
2026-02-01T21:58:10.6011941Z Download action repository 'actions/checkout@v4' (SHA:34e114876b0b11c390a56381ad16ebd13914f8d5)
2026-02-01T21:58:10.7050292Z Download action repository 'actions/setup-node@v4' (SHA:49933ea5288caeca8642d1e84afbd3f7d6820020)
2026-02-01T21:58:10.7956129Z Download action repository 'oven-sh/setup-bun@v2' (SHA:3d267786b128fe76c2f16a390aa2448b815359f3)
2026-02-01T21:58:11.6443756Z Complete job name: checks (node, format, pnpm format)
2026-02-01T21:58:11.7116000Z ##[group]Run actions/checkout@v4
2026-02-01T21:58:11.7116932Z with:
2026-02-01T21:58:11.7117613Z   submodules: false
2026-02-01T21:58:11.7118151Z   repository: CharlesHoskinson/dancesWithClaws
2026-02-01T21:58:11.7118906Z   token: ***
2026-02-01T21:58:11.7119319Z   ssh-strict: true
2026-02-01T21:58:11.7119742Z   ssh-user: git
2026-02-01T21:58:11.7120173Z   persist-credentials: true
2026-02-01T21:58:11.7120649Z   clean: true
2026-02-01T21:58:11.7121079Z   sparse-checkout-cone-mode: true
2026-02-01T21:58:11.7121586Z   fetch-depth: 1
2026-02-01T21:58:11.7122013Z   fetch-tags: false
2026-02-01T21:58:11.7122435Z   show-progress: true
2026-02-01T21:58:11.7122875Z   lfs: false
2026-02-01T21:58:11.7123293Z   set-safe-directory: true
2026-02-01T21:58:11.7124056Z ##[endgroup]
2026-02-01T21:58:11.8183434Z Syncing repository: CharlesHoskinson/dancesWithClaws
2026-02-01T21:58:11.8186462Z ##[group]Getting Git version info
2026-02-01T21:58:11.8188423Z Working directory is '/home/runner/work/dancesWithClaws/dancesWithClaws'
2026-02-01T21:58:11.8190579Z [command]/usr/bin/git version
2026-02-01T21:58:11.8262806Z git version 2.52.0
2026-02-01T21:58:11.8289232Z ##[endgroup]
2026-02-01T21:58:11.8305417Z Temporarily overriding HOME='/home/runner/work/_temp/8081ddd5-1000-4777-904c-87e7fbebb117' before making global git config changes
2026-02-01T21:58:11.8307863Z Adding repository directory to the temporary git global config as a safe directory
2026-02-01T21:58:11.8318240Z [command]/usr/bin/git config --global --add safe.directory /home/runner/work/dancesWithClaws/dancesWithClaws
2026-02-01T21:58:11.8360315Z Deleting the contents of '/home/runner/work/dancesWithClaws/dancesWithClaws'
2026-02-01T21:58:11.8363639Z ##[group]Initializing the repository
2026-02-01T21:58:11.8367613Z [command]/usr/bin/git init /home/runner/work/dancesWithClaws/dancesWithClaws
2026-02-01T21:58:11.8516031Z hint: Using 'master' as the name for the initial branch. This default branch name
2026-02-01T21:58:11.8517880Z hint: will change to "main" in Git 3.0. To configure the initial branch name
2026-02-01T21:58:11.8518997Z hint: to use in all of your new repositories, which will suppress this warning,
2026-02-01T21:58:11.8520296Z hint: call:
2026-02-01T21:58:11.8520975Z hint:
2026-02-01T21:58:11.8521894Z hint: 	git config --global init.defaultBranch <name>
2026-02-01T21:58:11.8523135Z hint:
2026-02-01T21:58:11.8524334Z hint: Names commonly chosen instead of 'master' are 'main', 'trunk' and
2026-02-01T21:58:11.8526194Z hint: 'development'. The just-created branch can be renamed via this command:
2026-02-01T21:58:11.8527915Z hint:
2026-02-01T21:58:11.8528754Z hint: 	git branch -m <name>
2026-02-01T21:58:11.8529596Z hint:
2026-02-01T21:58:11.8530734Z hint: Disable this message with "git config set advice.defaultBranchName false"
2026-02-01T21:58:11.8532981Z Initialized empty Git repository in /home/runner/work/dancesWithClaws/dancesWithClaws/.git/
2026-02-01T21:58:11.8536467Z [command]/usr/bin/git remote add origin https://github.com/CharlesHoskinson/dancesWithClaws
2026-02-01T21:58:11.8570227Z ##[endgroup]
2026-02-01T21:58:11.8571011Z ##[group]Disabling automatic garbage collection
2026-02-01T21:58:11.8573953Z [command]/usr/bin/git config --local gc.auto 0
2026-02-01T21:58:11.8601411Z ##[endgroup]
2026-02-01T21:58:11.8602116Z ##[group]Setting up auth
2026-02-01T21:58:11.8607786Z [command]/usr/bin/git config --local --name-only --get-regexp core\.sshCommand
2026-02-01T21:58:11.8636706Z [command]/usr/bin/git submodule foreach --recursive sh -c "git config --local --name-only --get-regexp 'core\.sshCommand' && git config --local --unset-all 'core.sshCommand' || :"
2026-02-01T21:58:11.9075542Z [command]/usr/bin/git config --local --name-only --get-regexp http\.https\:\/\/github\.com\/\.extraheader
2026-02-01T21:58:11.9104643Z [command]/usr/bin/git submodule foreach --recursive sh -c "git config --local --name-only --get-regexp 'http\.https\:\/\/github\.com\/\.extraheader' && git config --local --unset-all 'http.https://github.com/.extraheader' || :"
2026-02-01T21:58:11.9320911Z [command]/usr/bin/git config --local --name-only --get-regexp ^includeIf\.gitdir:
2026-02-01T21:58:11.9350181Z [command]/usr/bin/git submodule foreach --recursive git config --local --show-origin --name-only --get-regexp remote.origin.url
2026-02-01T21:58:11.9582169Z [command]/usr/bin/git config --local http.https://github.com/.extraheader AUTHORIZATION: basic ***
2026-02-01T21:58:11.9615455Z ##[endgroup]
2026-02-01T21:58:11.9617147Z ##[group]Fetching the repository
2026-02-01T21:58:11.9625715Z [command]/usr/bin/git -c protocol.version=2 fetch --no-tags --prune --no-recurse-submodules --depth=1 origin +50319eef8a73aa36102008cb03f30322e6019a6f:refs/remotes/origin/master
2026-02-01T21:58:13.0539608Z From https://github.com/CharlesHoskinson/dancesWithClaws
2026-02-01T21:58:13.0542380Z  * [new ref]         50319eef8a73aa36102008cb03f30322e6019a6f -> origin/master
2026-02-01T21:58:13.0571852Z ##[endgroup]
2026-02-01T21:58:13.0572891Z ##[group]Determining the checkout info
2026-02-01T21:58:13.0574373Z ##[endgroup]
2026-02-01T21:58:13.0579533Z [command]/usr/bin/git sparse-checkout disable
2026-02-01T21:58:13.0622705Z [command]/usr/bin/git config --local --unset-all extensions.worktreeConfig
2026-02-01T21:58:13.0649202Z ##[group]Checking out the ref
2026-02-01T21:58:13.0652520Z [command]/usr/bin/git checkout --progress --force -B master refs/remotes/origin/master
2026-02-01T21:58:13.3610488Z Reset branch 'master'
2026-02-01T21:58:13.3612146Z branch 'master' set up to track 'origin/master'.
2026-02-01T21:58:13.3629925Z ##[endgroup]
2026-02-01T21:58:13.3670721Z [command]/usr/bin/git log -1 --format=%H
2026-02-01T21:58:13.3694548Z 50319eef8a73aa36102008cb03f30322e6019a6f
2026-02-01T21:58:13.3896321Z ##[group]Run set -euo pipefail
2026-02-01T21:58:13.3897739Z [36;1mset -euo pipefail[0m
2026-02-01T21:58:13.3898869Z [36;1mgit submodule sync --recursive[0m
2026-02-01T21:58:13.3900123Z [36;1mfor attempt in 1 2 3 4 5; do[0m
2026-02-01T21:58:13.3902396Z [36;1m  if git -c protocol.version=2 submodule update --init --force --depth=1 --recursive; then[0m
2026-02-01T21:58:13.3904467Z [36;1m    exit 0[0m
2026-02-01T21:58:13.3905362Z [36;1m  fi[0m
2026-02-01T21:58:13.3906653Z [36;1m  echo "Submodule update failed (attempt $attempt/5). Retrying…"[0m
2026-02-01T21:58:13.3908499Z [36;1m  sleep $((attempt * 10))[0m
2026-02-01T21:58:13.3909581Z [36;1mdone[0m
2026-02-01T21:58:13.3910397Z [36;1mexit 1[0m
2026-02-01T21:58:13.3948476Z shell: /usr/bin/bash -e {0}
2026-02-01T21:58:13.3949559Z ##[endgroup]
2026-02-01T21:58:13.4625444Z ##[group]Run actions/setup-node@v4
2026-02-01T21:58:13.4626499Z with:
2026-02-01T21:58:13.4627203Z   node-version: 22.x
2026-02-01T21:58:13.4628323Z   check-latest: true
2026-02-01T21:58:13.4629155Z   always-auth: false
2026-02-01T21:58:13.4630249Z   token: ***
2026-02-01T21:58:13.4630984Z ##[endgroup]
2026-02-01T21:58:13.6417298Z Attempt to resolve the latest version from manifest...
2026-02-01T21:58:14.4735388Z Resolved as '22.22.0'
2026-02-01T21:58:14.4756888Z Found in cache @ /opt/hostedtoolcache/node/22.22.0/x64
2026-02-01T21:58:14.4763368Z ##[group]Environment details
2026-02-01T21:58:16.7757217Z node: v22.22.0
2026-02-01T21:58:16.7757861Z npm: 10.9.4
2026-02-01T21:58:16.7758311Z yarn: 1.22.22
2026-02-01T21:58:16.7759972Z ##[endgroup]
2026-02-01T21:58:16.7937595Z ##[group]Run set -euo pipefail
2026-02-01T21:58:16.7938009Z [36;1mset -euo pipefail[0m
2026-02-01T21:58:16.7938239Z [36;1mcorepack enable[0m
2026-02-01T21:58:16.7938462Z [36;1mfor attempt in 1 2 3; do[0m
2026-02-01T21:58:16.7938753Z [36;1m  if corepack prepare pnpm@10.23.0 --activate; then[0m
2026-02-01T21:58:16.7939059Z [36;1m    pnpm -v[0m
2026-02-01T21:58:16.7939246Z [36;1m    exit 0[0m
2026-02-01T21:58:16.7939436Z [36;1m  fi[0m
2026-02-01T21:58:16.7939757Z [36;1m  echo "corepack prepare failed (attempt $attempt/3). Retrying..."[0m
2026-02-01T21:58:16.7940115Z [36;1m  sleep $((attempt * 10))[0m
2026-02-01T21:58:16.7940338Z [36;1mdone[0m
2026-02-01T21:58:16.7940509Z [36;1mexit 1[0m
2026-02-01T21:58:16.7981686Z shell: /usr/bin/bash -e {0}
2026-02-01T21:58:16.7981945Z ##[endgroup]
2026-02-01T21:58:17.0430311Z Preparing pnpm@10.23.0 for immediate activation...
2026-02-01T21:58:18.2989107Z 10.23.0
2026-02-01T21:58:18.3152659Z ##[group]Run oven-sh/setup-bun@v2
2026-02-01T21:58:18.3152928Z with:
2026-02-01T21:58:18.3153092Z   bun-version: latest
2026-02-01T21:58:18.3153285Z   no-cache: false
2026-02-01T21:58:18.3153569Z   token: ***
2026-02-01T21:58:18.3153735Z ##[endgroup]
2026-02-01T21:58:18.8538859Z Downloading a new version of Bun: https://github.com/oven-sh/bun/releases/download/bun-v1.3.8/bun-linux-x64.zip
2026-02-01T21:58:19.3220753Z [command]/usr/bin/unzip -o -q /home/runner/work/_temp/94282cb9-d506-43d7-9be9-95b507872b56.zip
2026-02-01T21:58:20.0721487Z [command]/home/runner/.bun/bin/bun --revision
2026-02-01T21:58:20.0761523Z 1.3.8+b64edcb49
2026-02-01T21:58:20.0872224Z ##[group]Run node -v
2026-02-01T21:58:20.0872467Z [36;1mnode -v[0m
2026-02-01T21:58:20.0872670Z [36;1mnpm -v[0m
2026-02-01T21:58:20.0872847Z [36;1mbun -v[0m
2026-02-01T21:58:20.0873023Z [36;1mpnpm -v[0m
2026-02-01T21:58:20.0904740Z shell: /usr/bin/bash -e {0}
2026-02-01T21:58:20.0904977Z ##[endgroup]
2026-02-01T21:58:20.0985613Z v22.22.0
2026-02-01T21:58:20.1694587Z 10.9.4
2026-02-01T21:58:20.1758082Z 1.3.8
2026-02-01T21:58:20.4428668Z 10.23.0
2026-02-01T21:58:20.4533324Z ##[group]Run echo "NODE_BIN=$(dirname \"$(node -p \"process.execPath\")\")" >> "$GITHUB_ENV"
2026-02-01T21:58:20.4533922Z [36;1mecho "NODE_BIN=$(dirname \"$(node -p \"process.execPath\")\")" >> "$GITHUB_ENV"[0m
2026-02-01T21:58:20.4565330Z shell: /usr/bin/bash -e {0}
2026-02-01T21:58:20.4565558Z ##[endgroup]
2026-02-01T21:58:20.4946675Z ##[group]Run export PATH="$NODE_BIN:$PATH"
2026-02-01T21:58:20.4947016Z [36;1mexport PATH="$NODE_BIN:$PATH"[0m
2026-02-01T21:58:20.4947250Z [36;1mwhich node[0m
2026-02-01T21:58:20.4947697Z [36;1mnode -v[0m
2026-02-01T21:58:20.4947886Z [36;1mpnpm -v[0m
2026-02-01T21:58:20.4949008Z [36;1mpnpm install --frozen-lockfile --ignore-scripts=false --config.engine-strict=false --config.enable-pre-post-scripts=true || pnpm install --frozen-lockfile --ignore-scripts=false --config.engine-strict=false --config.enable-pre-post-scripts=true[0m
2026-02-01T21:58:20.4980931Z shell: /usr/bin/bash -e {0}
2026-02-01T21:58:20.4981164Z env:
2026-02-01T21:58:20.4981319Z   NODE_BIN: .
2026-02-01T21:58:20.4981498Z   CI: true
2026-02-01T21:58:20.4981650Z ##[endgroup]
2026-02-01T21:58:20.5046271Z /opt/hostedtoolcache/node/22.22.0/x64/bin/node
2026-02-01T21:58:20.5077545Z v22.22.0
2026-02-01T21:58:20.7759385Z 10.23.0
2026-02-01T21:58:21.0920697Z Scope: all 33 workspace projects
2026-02-01T21:58:21.1958688Z Lockfile is up to date, resolution step is skipped
2026-02-01T21:58:21.2784143Z Progress: resolved 1, reused 0, downloaded 0, added 0
2026-02-01T21:58:21.4101221Z Packages: +967
2026-02-01T21:58:21.4101665Z ++++++++++++++++++++++++++++++++++++++++++++++++++++++++++++++++++++++++++++++++
2026-02-01T21:58:22.2788708Z Progress: resolved 967, reused 0, downloaded 116, added 116
2026-02-01T21:58:23.2898900Z Progress: resolved 967, reused 0, downloaded 326, added 311
2026-02-01T21:58:24.2878872Z Progress: resolved 967, reused 0, downloaded 466, added 403
2026-02-01T21:58:25.2880965Z Progress: resolved 967, reused 0, downloaded 587, added 558
2026-02-01T21:58:26.1819885Z Packages are hard linked from the content-addressable store to the virtual store.
2026-02-01T21:58:26.1820849Z   Content-addressable store is at: /home/runner/.local/share/pnpm/store/v10
2026-02-01T21:58:26.1821334Z   Virtual store is at:             node_modules/.pnpm
2026-02-01T21:58:26.2940254Z Progress: resolved 967, reused 0, downloaded 714, added 677
2026-02-01T21:58:27.3149349Z Progress: resolved 967, reused 0, downloaded 866, added 860
2026-02-01T21:58:28.3201357Z Progress: resolved 967, reused 0, downloaded 902, added 878
2026-02-01T21:58:29.3214761Z Progress: resolved 967, reused 0, downloaded 952, added 903
2026-02-01T21:58:30.3225056Z Progress: resolved 967, reused 0, downloaded 965, added 957
2026-02-01T21:58:31.3226353Z Progress: resolved 967, reused 0, downloaded 965, added 966
2026-02-01T21:58:32.3965155Z Progress: resolved 967, reused 0, downloaded 966, added 966
2026-02-01T21:58:32.3973371Z Progress: resolved 967, reused 0, downloaded 966, added 967, done
2026-02-01T21:58:33.2641914Z .../node_modules/protobufjs postinstall$ node scripts/postinstall
2026-02-01T21:58:33.3018000Z .../sharp@0.34.5/node_modules/sharp install$ node install/check.js || npm run build
2026-02-01T21:58:33.3027961Z .../node_modules/protobufjs postinstall$ node scripts/postinstall
2026-02-01T21:58:33.3034627Z .../esbuild@0.27.2/node_modules/esbuild postinstall$ node install.js
2026-02-01T21:58:33.3368380Z .../node_modules/protobufjs postinstall$ node scripts/postinstall
2026-02-01T21:58:33.3956021Z .../node_modules/protobufjs postinstall: Done
2026-02-01T21:58:33.4264109Z .../node_modules/protobufjs postinstall: Done
2026-02-01T21:58:33.4269701Z .../node_modules/protobufjs postinstall: Done
2026-02-01T21:58:33.6116178Z .../@matrix-org/matrix-sdk-crypto-nodejs postinstall$ node download-lib.js
2026-02-01T21:58:33.6755919Z .../esbuild@0.27.2/node_modules/esbuild postinstall: Done
2026-02-01T21:58:33.7159438Z .../@matrix-org/matrix-sdk-crypto-nodejs postinstall: Downloading lib matrix-sdk-crypto.linux-x64-gnu.node from https://github.com/matrix-org/matrix-rust-sdk-crypto-nodejs/releases/download/v0.4.0/matrix-sdk-crypto.linux-x64-gnu.node
2026-02-01T21:58:34.0954098Z .../@matrix-org/matrix-sdk-crypto-nodejs postinstall: Download Completed
2026-02-01T21:58:34.1016459Z .../@matrix-org/matrix-sdk-crypto-nodejs postinstall: Done
2026-02-01T21:58:34.3687979Z .../sharp@0.34.5/node_modules/sharp install: Done
2026-02-01T21:58:34.3753333Z .../node_modules/@whiskeysockets/baileys preinstall$ node ./engine-requirements.js
2026-02-01T21:58:34.4240528Z .../node_modules/@whiskeysockets/baileys preinstall: Done
2026-02-01T21:58:34.6407616Z 
2026-02-01T21:58:34.6408394Z dependencies:
2026-02-01T21:58:34.6408739Z + @agentclientprotocol/sdk 0.13.1
2026-02-01T21:58:34.6409059Z + @aws-sdk/client-bedrock 3.980.0
2026-02-01T21:58:34.6409472Z + @buape/carbon 0.14.0
2026-02-01T21:58:34.6409844Z + @clack/prompts 1.0.0
2026-02-01T21:58:34.6410260Z + @grammyjs/runner 2.0.3
2026-02-01T21:58:34.6410743Z + @grammyjs/transformer-throttler 1.2.1
2026-02-01T21:58:34.6411171Z + @homebridge/ciao 1.3.4
2026-02-01T21:58:34.6411527Z + @line/bot-sdk 10.6.0
2026-02-01T21:58:34.6411931Z + @lydell/node-pty 1.2.0-beta.3
2026-02-01T21:58:34.6412404Z + @mariozechner/pi-agent-core 0.50.9
2026-02-01T21:58:34.6412945Z + @mariozechner/pi-ai 0.50.9
2026-02-01T21:58:34.6413417Z + @mariozechner/pi-coding-agent 0.50.7
2026-02-01T21:58:34.6413891Z + @mariozechner/pi-tui 0.50.7
2026-02-01T21:58:34.6414324Z + @mozilla/readability 0.6.0
2026-02-01T21:58:34.6414745Z + @napi-rs/canvas 0.1.89
2026-02-01T21:58:34.6415165Z + @sinclair/typebox 0.34.47
2026-02-01T21:58:34.6415577Z + @slack/bolt 4.6.0
2026-02-01T21:58:34.6415966Z + @slack/web-api 7.13.0
2026-02-01T21:58:34.6416427Z + @whiskeysockets/baileys 7.0.0-rc.9
2026-02-01T21:58:34.6416857Z + ajv 8.17.1
2026-02-01T21:58:34.6417163Z + chalk 5.6.2
2026-02-01T21:58:34.6417672Z + chokidar 5.0.0
2026-02-01T21:58:34.6418044Z + cli-highlight 2.1.11
2026-02-01T21:58:34.6418445Z + commander 14.0.3
2026-02-01T21:58:34.6418771Z + croner 9.1.0
2026-02-01T21:58:34.6419141Z + discord-api-types 0.38.38
2026-02-01T21:58:34.6419522Z + dotenv 17.2.3
2026-02-01T21:58:34.6419841Z + express 5.2.1
2026-02-01T21:58:34.6420174Z + file-type 21.3.0
2026-02-01T21:58:34.6420487Z + grammy 1.39.3
2026-02-01T21:58:34.6420820Z + jiti 2.6.1
2026-02-01T21:58:34.6421124Z + json5 2.2.3
2026-02-01T21:58:34.6421428Z + jszip 3.10.1
2026-02-01T21:58:34.6421773Z + linkedom 0.18.12
2026-02-01T21:58:34.6422084Z + long 5.3.2
2026-02-01T21:58:34.6422409Z + markdown-it 14.1.0
2026-02-01T21:58:34.6422774Z + node-edge-tts 1.2.9
2026-02-01T21:58:34.6423153Z + node-llama-cpp 3.15.1
2026-02-01T21:58:34.6423544Z + osc-progress 0.3.0
2026-02-01T21:58:34.6423918Z + pdfjs-dist 5.4.530
2026-02-01T21:58:34.6424295Z + playwright-core 1.58.1
2026-02-01T21:58:34.6424715Z + proper-lockfile 4.1.2
2026-02-01T21:58:34.6425106Z + qrcode-terminal 0.12.0
2026-02-01T21:58:34.6425487Z + sharp 0.34.5
2026-02-01T21:58:34.6425818Z + signal-utils 0.21.1
2026-02-01T21:58:34.6426195Z + sqlite-vec 0.1.7-alpha.2
2026-02-01T21:58:34.6426555Z + tar 7.5.7
2026-02-01T21:58:34.6426842Z + tslog 4.10.2
2026-02-01T21:58:34.6427146Z + undici 7.19.2
2026-02-01T21:58:34.6427642Z + ws 8.19.0
2026-02-01T21:58:34.6427960Z + yaml 2.8.2
2026-02-01T21:58:34.6428265Z + zod 4.3.6
2026-02-01T21:58:34.6428432Z 
2026-02-01T21:58:34.6428568Z devDependencies:
2026-02-01T21:58:34.6428967Z + @grammyjs/types 3.23.0
2026-02-01T21:58:34.6429401Z + @lit-labs/signals 0.2.0
2026-02-01T21:58:34.6429816Z + @lit/context 1.1.6
2026-02-01T21:58:34.6430202Z + @types/express 5.0.6
2026-02-01T21:58:34.6430607Z + @types/markdown-it 14.1.2
2026-02-01T21:58:34.6431022Z + @types/node 25.1.0
2026-02-01T21:58:34.6431468Z + @types/proper-lockfile 4.1.4
2026-02-01T21:58:34.6432018Z + @types/qrcode-terminal 0.12.2
2026-02-01T21:58:34.6432464Z + @types/ws 8.18.1
2026-02-01T21:58:34.6433044Z + @typescript/native-preview 7.0.0-dev.20260130.1
2026-02-01T21:58:34.6433623Z + @vitest/coverage-v8 4.0.18
2026-02-01T21:58:34.6434118Z + lit 3.3.2
2026-02-01T21:58:34.6434483Z + ollama 0.6.3
2026-02-01T21:58:34.6434813Z + oxfmt 0.27.0
2026-02-01T21:58:34.6435140Z + oxlint 1.42.0
2026-02-01T21:58:34.6435517Z + oxlint-tsgolint 0.11.4
2026-02-01T21:58:34.6435941Z + rolldown 1.0.0-rc.2
2026-02-01T21:58:34.6436303Z + tsx 4.21.0
2026-02-01T21:58:34.6436655Z + typescript 5.9.3
2026-02-01T21:58:34.6437005Z + vitest 4.0.18
2026-02-01T21:58:34.6437809Z 
2026-02-01T21:58:34.6438751Z ╭ Warning ─────────────────────────────────────────────────────────────────────╮
2026-02-01T21:58:34.6439743Z │                                                                              │
2026-02-01T21:58:34.6440788Z │   Ignored build scripts: core-js, node-llama-cpp.                            │
2026-02-01T21:58:34.6442240Z │   Run "pnpm approve-builds" to pick which dependencies should be allowed     │
2026-02-01T21:58:34.6443379Z │   to run scripts.                                                            │
2026-02-01T21:58:34.6444276Z │                                                                              │
2026-02-01T21:58:34.6445279Z ╰──────────────────────────────────────────────────────────────────────────────╯
2026-02-01T21:58:34.6445724Z 
2026-02-01T21:58:34.6761697Z . postinstall$ node scripts/postinstall.js
2026-02-01T21:58:34.7393939Z . postinstall: Done
2026-02-01T21:58:34.7739684Z packages/clawdbot postinstall$ node ./scripts/postinstall.js
2026-02-01T21:58:34.8018692Z packages/moltbot postinstall$ node ./scripts/postinstall.js
2026-02-01T21:58:34.8285134Z packages/clawdbot postinstall: clawdbot renamed -> openclaw
2026-02-01T21:58:34.8289733Z packages/clawdbot postinstall: Done
2026-02-01T21:58:34.8510675Z packages/moltbot postinstall: moltbot renamed -> openclaw
2026-02-01T21:58:34.8542630Z packages/moltbot postinstall: Done
2026-02-01T21:58:34.8864545Z Done in 14s using pnpm v10.23.0
2026-02-01T21:58:34.9624953Z ##[group]Run pnpm format
2026-02-01T21:58:34.9625218Z [36;1mpnpm format[0m
2026-02-01T21:58:34.9657045Z shell: /usr/bin/bash -e {0}
2026-02-01T21:58:34.9657269Z env:
2026-02-01T21:58:34.9657556Z   NODE_BIN: .
2026-02-01T21:58:34.9657732Z ##[endgroup]
2026-02-01T21:58:35.2581682Z 
2026-02-01T21:58:35.2582562Z > openclaw@2026.1.30 format /home/runner/work/dancesWithClaws/dancesWithClaws
2026-02-01T21:58:35.2583096Z > oxfmt --check
2026-02-01T21:58:35.2583240Z 
2026-02-01T21:58:35.3149055Z Checking formatting...
2026-02-01T21:58:35.3149779Z 
2026-02-01T21:58:43.5428190Z deploy/site/fetch.mjs (0ms)
2026-02-01T21:58:43.5428707Z deploy/site/style.css (30ms)
2026-02-01T21:58:43.5429136Z deploy/site/template.html (73ms)
2026-02-01T21:58:43.5429599Z deploy/tests/compose.test.mjs (0ms)
2026-02-01T21:58:43.5430049Z deploy/tests/fetch.test.mjs (1ms)
2026-02-01T21:58:43.5430523Z deploy/tests/infra.test.mjs (1ms)
2026-02-01T21:58:43.5430953Z deploy/tests/security.test.mjs (2ms)
2026-02-01T21:58:43.5431439Z deploy/tests/site.test.mjs (2ms)
2026-02-01T21:58:43.5431913Z docs/broadcast-groups.md (88ms)
2026-02-01T21:58:43.5432349Z docs/channels/nostr.md (54ms)
2026-02-01T21:58:43.5432796Z docs/concepts/groups.md (87ms)
2026-02-01T21:58:43.5433259Z docs/concepts/multi-agent.md (46ms)
2026-02-01T21:58:43.5433748Z docs/concepts/typebox.md (101ms)
2026-02-01T21:58:43.5434271Z docs/gateway/configuration-examples.md (133ms)
2026-02-01T21:58:43.5434872Z docs/gateway/configuration.md (975ms)
2026-02-01T21:58:43.5435496Z docs/gateway/openresponses-http-api.md (116ms)
2026-02-01T21:58:43.5436037Z docs/gateway/protocol.md (95ms)
2026-02-01T21:58:43.5436497Z docs/gateway/sandboxing.md (76ms)
2026-02-01T21:58:43.5436923Z docs/help/faq.md (969ms)
2026-02-01T21:58:43.5437278Z docs/hooks.md (258ms)
2026-02-01T21:58:43.5437961Z docs/multi-agent-sandbox-tools.md (79ms)
2026-02-01T21:58:43.5438437Z docs/pi.md (191ms)
2026-02-01T21:58:43.5438785Z docs/plugin.md (415ms)
2026-02-01T21:58:43.5439215Z docs/refactor/plugin-sdk.md (155ms)
2026-02-01T21:58:43.5439712Z docs/tools/skills-config.md (28ms)
2026-02-01T21:58:43.5440153Z docs/tools/skills.md (127ms)
2026-02-01T21:58:43.5440872Z openspec/changes/ell-logan-cardano-bot/specs/skill-definition.md (35ms)
2026-02-01T21:58:43.5441580Z skills/coding-agent/SKILL.md (70ms)
2026-02-01T21:58:43.5442013Z skills/notion/SKILL.md (35ms)
2026-02-01T21:58:43.5442465Z skills/session-logs/SKILL.md (27ms)
2026-02-01T21:58:43.5442983Z skills/sherpa-onnx-tts/SKILL.md (55ms)
2026-02-01T21:58:43.5443442Z skills/slack/SKILL.md (72ms)
2026-02-01T21:58:43.5443841Z skills/tmux/SKILL.md (41ms)
2026-02-01T21:58:43.5444245Z skills/trello/SKILL.md (13ms)
2026-02-01T21:58:43.5444749Z src/agents/tools/sokosumi-tools.test.ts (0ms)
2026-02-01T21:58:43.5445328Z src/agents/tools/sokosumi-tools.ts (0ms)
2026-02-01T21:58:43.5445897Z src/agents/tools/sokosumi/client.test.ts (0ms)
2026-02-01T21:58:43.5446804Z src/agents/tools/sokosumi/client.ts (0ms)
2026-02-01T21:58:43.5447490Z src/config/types.tools.ts (0ms)
2026-02-01T21:58:43.5448072Z workspace/skills/moltbook-cardano/SKILL.md (178ms)
2026-02-01T21:58:43.5448452Z 
2026-02-01T21:58:43.5448903Z Format issues found in above 40 files. Run without `--check` to fix.
2026-02-01T21:58:43.5449652Z Finished in 8236ms on 3682 files using 4 threads.
2026-02-01T21:58:43.6289431Z  ELIFECYCLE  Command failed with exit code 1.
2026-02-01T21:58:43.6490061Z ##[error]Process completed with exit code 1.
2026-02-01T21:58:43.6599882Z Post job cleanup.
2026-02-01T21:58:43.7555221Z [command]/usr/bin/git version
2026-02-01T21:58:43.7592136Z git version 2.52.0
2026-02-01T21:58:43.7635466Z Temporarily overriding HOME='/home/runner/work/_temp/8454bec7-1cb0-4a63-9deb-89b5a9e3f39e' before making global git config changes
2026-02-01T21:58:43.7636636Z Adding repository directory to the temporary git global config as a safe directory
2026-02-01T21:58:43.7641579Z [command]/usr/bin/git config --global --add safe.directory /home/runner/work/dancesWithClaws/dancesWithClaws
2026-02-01T21:58:43.7681026Z [command]/usr/bin/git config --local --name-only --get-regexp core\.sshCommand
2026-02-01T21:58:43.7714731Z [command]/usr/bin/git submodule foreach --recursive sh -c "git config --local --name-only --get-regexp 'core\.sshCommand' && git config --local --unset-all 'core.sshCommand' || :"
2026-02-01T21:58:43.7957215Z [command]/usr/bin/git config --local --name-only --get-regexp http\.https\:\/\/github\.com\/\.extraheader
2026-02-01T21:58:43.7979210Z http.https://github.com/.extraheader
2026-02-01T21:58:43.7992002Z [command]/usr/bin/git config --local --unset-all http.https://github.com/.extraheader
2026-02-01T21:58:43.8023037Z [command]/usr/bin/git submodule foreach --recursive sh -c "git config --local --name-only --get-regexp 'http\.https\:\/\/github\.com\/\.extraheader' && git config --local --unset-all 'http.https://github.com/.extraheader' || :"
2026-02-01T21:58:43.8250219Z [command]/usr/bin/git config --local --name-only --get-regexp ^includeIf\.gitdir:
2026-02-01T21:58:43.8280658Z [command]/usr/bin/git submodule foreach --recursive git config --local --show-origin --name-only --get-regexp remote.origin.url
2026-02-01T21:58:43.8615341Z Cleaning up orphan processes
